c:\users\sarah\desktop\api시연회\defaultwindow\x64\debug\vc143.pdb
c:\users\sarah\desktop\api시연회\defaultwindow\x64\debug\vc143.idb
c:\users\sarah\desktop\api시연회\defaultwindow\x64\debug\scenemanager.obj
c:\users\sarah\desktop\api시연회\defaultwindow\x64\debug\defaultwindow.obj
c:\users\sarah\desktop\api시연회\defaultwindow\x64\debug\cscene.obj
c:\users\sarah\desktop\api시연회\defaultwindow\x64\debug\cplayer.obj
c:\users\sarah\desktop\api시연회\defaultwindow\x64\debug\cobj.obj
c:\users\sarah\desktop\api시연회\defaultwindow\x64\debug\cmaingame.obj
c:\users\sarah\desktop\api시연회\defaultwindow\x64\debug\casset.obj
c:\users\sarah\desktop\api시연회\defaultwindow\x64\debug\assetmanager.obj
c:\users\sarah\desktop\api시연회\defaultwindow\x64\debug\titlescene.obj
c:\users\sarah\desktop\api시연회\defaultwindow\x64\debug\cmouse.obj
c:\users\sarah\desktop\api시연회\defaultwindow\x64\debug\objectmanager.obj
c:\users\sarah\desktop\api시연회\defaultwindow\x64\debug\cbutton.obj
c:\users\sarah\desktop\api시연회\defaultwindow\x64\debug\defaultwindow.pch
c:\users\sarah\desktop\api시연회\defaultwindow\x64\debug\pch.obj
c:\users\sarah\desktop\api시연회\defaultwindow\x64\debug\keymanager.obj
c:\users\sarah\desktop\api시연회\defaultwindow\x64\debug\lobbyscene.obj
c:\users\sarah\desktop\api시연회\defaultwindow\x64\debug\ingamescene.obj
c:\users\sarah\desktop\api시연회\defaultwindow\x64\debug\cleaderboardentry.obj
c:\users\sarah\desktop\api시연회\defaultwindow\x64\debug\cpannel.obj
c:\users\sarah\desktop\api시연회\defaultwindow\x64\debug\cinputbox.obj
c:\users\sarah\desktop\api시연회\x64\debug\defaultwindow.exe
c:\users\sarah\desktop\api시연회\defaultwindow\x64\debug\defaultwindow.ilk
c:\users\sarah\desktop\api시연회\x64\debug\defaultwindow.pdb
c:\users\sarah\desktop\api시연회\defaultwindow\x64\debug\defaultwindow.res
c:\users\sarah\desktop\api시연회\defaultwindow\x64\debug\cmouse.obj.enc
c:\users\sarah\desktop\api시연회\defaultwindow\x64\debug\cpannel.obj.enc
c:\users\sarah\desktop\api시연회\defaultwindow\x64\debug\defaultwindow.obj.enc
c:\users\sarah\desktop\api시연회\defaultwindow\x64\debug\ingamescene.obj.enc
c:\users\sarah\desktop\api시연회\defaultwindow\x64\debug\titlescene.obj.enc
c:\users\sarah\desktop\api시연회\defaultwindow\x64\debug\defaultwindow.tlog\cl.command.1.tlog
c:\users\sarah\desktop\api시연회\defaultwindow\x64\debug\defaultwindow.tlog\cl.items.tlog
c:\users\sarah\desktop\api시연회\defaultwindow\x64\debug\defaultwindow.tlog\cl.read.1.tlog
c:\users\sarah\desktop\api시연회\defaultwindow\x64\debug\defaultwindow.tlog\cl.write.1.tlog
c:\users\sarah\desktop\api시연회\defaultwindow\x64\debug\defaultwindow.tlog\link.command.1.tlog
c:\users\sarah\desktop\api시연회\defaultwindow\x64\debug\defaultwindow.tlog\link.read.1.tlog
c:\users\sarah\desktop\api시연회\defaultwindow\x64\debug\defaultwindow.tlog\link.write.1.tlog
c:\users\sarah\desktop\api시연회\defaultwindow\x64\debug\defaultwindow.tlog\rc.command.1.tlog
c:\users\sarah\desktop\api시연회\defaultwindow\x64\debug\defaultwindow.tlog\rc.read.1.tlog
c:\users\sarah\desktop\api시연회\defaultwindow\x64\debug\defaultwindow.tlog\rc.write.1.tlog
